To honour the JVM settings for this build a single-use Daemon process will be forked. For more on this, please refer to https://docs.gradle.org/8.2/userguide/gradle_daemon.html#sec:disabling_the_daemon in the Gradle documentation.
Daemon will be stopped at the end of the build 
Warning: SDK processing. This version only understands SDK XML versions up to 3 but an SDK XML file of version 4 was encountered. This can happen if you use versions of Android Studio and the command-line tools that were released at different times.
> Task :app:checkKotlinGradlePluginConfigurationErrors
> Task :app:preBuild UP-TO-DATE
> Task :app:preDebugBuild UP-TO-DATE
> Task :app:checkDebugAarMetadata UP-TO-DATE
> Task :app:generateDebugResValues UP-TO-DATE
> Task :app:mapDebugSourceSetPaths UP-TO-DATE
> Task :app:generateDebugResources UP-TO-DATE
> Task :app:mergeDebugResources UP-TO-DATE
> Task :app:packageDebugResources UP-TO-DATE
> Task :app:parseDebugLocalResources UP-TO-DATE
> Task :app:createDebugCompatibleScreenManifests UP-TO-DATE
> Task :app:extractDeepLinksDebug UP-TO-DATE
> Task :app:processDebugMainManifest UP-TO-DATE
> Task :app:processDebugManifest UP-TO-DATE
> Task :app:processDebugManifestForPackage UP-TO-DATE
> Task :app:processDebugResources UP-TO-DATE

> Task :app:compileDebugKotlin
e: file:///C:/Coding/cellgps/app/src/main/java/com/signaldrivelogger/SignalDriveLoggerApplication.kt:23:35 Unresolved reference: MultiSimMonitor
e: file:///C:/Coding/cellgps/app/src/main/java/com/signaldrivelogger/SignalDriveLoggerApplication.kt:33:27 Unresolved reference: MultiSimMonitor
e: file:///C:/Coding/cellgps/app/src/main/java/com/signaldrivelogger/data/MultiSimMonitor.kt:153:46 Unresolved reference: launch
e: file:///C:/Coding/cellgps/app/src/main/java/com/signaldrivelogger/data/MultiSimMonitor.kt:154:56 Suspension functions can be called only within coroutine body
e: file:///C:/Coding/cellgps/app/src/main/java/com/signaldrivelogger/data/MultiSimMonitor.kt:170:46 Unresolved reference: launch
e: file:///C:/Coding/cellgps/app/src/main/java/com/signaldrivelogger/data/MultiSimMonitor.kt:171:56 Suspension functions can be called only within coroutine body
e: file:///C:/Coding/cellgps/app/src/main/java/com/signaldrivelogger/data/MultiSimMonitor.kt:188:37 Unresolved reference: defaultSubscriptionId
e: file:///C:/Coding/cellgps/app/src/main/java/com/signaldrivelogger/data/MultiSimMonitor.kt:231:37 Unresolved reference: PhoneStateListener
e: file:///C:/Coding/cellgps/app/src/main/java/com/signaldrivelogger/data/MultiSimMonitor.kt:271:39 Unresolved reference: PhoneStateListener
e: file:///C:/Coding/cellgps/app/src/main/java/com/signaldrivelogger/data/MultiSimMonitor.kt:272:13 'onSignalStrengthsChanged' overrides nothing
e: file:///C:/Coding/cellgps/app/src/main/java/com/signaldrivelogger/data/MultiSimMonitor.kt:276:53 Unresolved reference: PhoneStateListener
e: file:///C:/Coding/cellgps/app/src/main/java/com/signaldrivelogger/data/MultiSimMonitor.kt:290:41 Unresolved reference: it
e: file:///C:/Coding/cellgps/app/src/main/java/com/signaldrivelogger/data/MultiSimMonitor.kt:290:45 Unresolved reference: PhoneStateListener
e: file:///C:/Coding/cellgps/app/src/main/java/com/signaldrivelogger/data/MultiSimMonitor.kt:297:38 Unresolved reference: it
e: file:///C:/Coding/cellgps/app/src/main/java/com/signaldrivelogger/data/MultiSimMonitor.kt:297:42 Unresolved reference: PhoneStateListener
e: file:///C:/Coding/cellgps/app/src/main/java/com/signaldrivelogger/service/LoggingService.kt:37:43 Unresolved reference: MultiSimMonitor
e: file:///C:/Coding/cellgps/app/src/main/java/com/signaldrivelogger/service/LoggingService.kt:81:17 Unresolved reference: tryCreateRecord
e: file:///C:/Coding/cellgps/app/src/main/java/com/signaldrivelogger/service/LoggingService.kt:87:23 Cannot infer a type for this parameter. Please specify it explicitly.

> Task :app:compileDebugKotlin FAILED

FAILURE: Build failed with an exception.

* What went wrong:
Execution failed for task ':app:compileDebugKotlin'.
> A failure occurred while executing org.jetbrains.kotlin.compilerRunner.GradleCompilerRunnerWithWorkers$GradleKotlinCompilerWorkAction
   > Compilation error. See log for more details

* Try:
> Run with --stacktrace option to get the stack trace.
> Run with --info or --debug option to get more log output.
> Run with --scan to get full insights.
> Get more help at https://help.gradle.org.

BUILD FAILED in 24s
14 actionable tasks: 2 executed, 12 up-to-date
